{'done': ('round2_E4_pipelined', 256, 'B0', 'eft_old'), 'windows': 135, 'exact': True}
{'done': ('round2_E4_port_tight', 256, 'B0', 'eft_old'), 'windows': 135, 'exact': True}
{'done': ('round2_E4_pipelined', 256, 'B1', 'eft_old'), 'windows': 135, 'exact': True}
{'done': ('round2_E4_port_tight', 256, 'B1', 'eft_old'), 'windows': 135, 'exact': True}
{'done': ('round2_E4_pipelined', 256, 'B2', 'eft_old'), 'windows': 135, 'exact': True}
{'done': ('round2_E4_port_tight', 256, 'B2', 'eft_old'), 'windows': 135, 'exact': True}
{'done': ('round2_E4_pipelined', 256, 'best_2+4', 'eft_old'), 'windows': 135, 'exact': True}
{'done': ('round2_E4_port_tight', 256, 'best_2+4', 'eft_old'), 'windows': 135, 'exact': True}
{'done': ('round2_E4_pipelined', 256, 'best_4+2', 'eft_old'), 'windows': 135, 'exact': True}
{'done': ('round2_E4_port_tight', 256, 'best_4+2', 'eft_old'), 'windows': 135, 'exact': True}
{'done': ('round2_E4_pipelined', 256, 'best_5+1', 'eft_old'), 'windows': 135, 'exact': True}
{'done': ('round2_E4_port_tight', 256, 'best_5+1', 'eft_old'), 'windows': 135, 'exact': True}
{'done': ('round2_E4_pipelined', 256, 'best_hetero', 'eft_old'), 'windows': 135, 'exact': True}
{'done': ('round2_E4_port_tight', 256, 'best_hetero', 'eft_old'), 'windows': 135, 'exact': True}
{'done': ('round2_E4_pipelined', 256, 'fixed_3+3', 'eft_old'), 'windows': 135, 'exact': True}
{'done': ('round2_E4_port_tight', 256, 'fixed_3+3', 'eft_old'), 'windows': 135, 'exact': True}
{'done': ('round2_E4_pipelined', 256, 'fixed_4+2', 'eft_old'), 'windows': 135, 'exact': True}
{'done': ('round2_E4_port_tight', 256, 'fixed_4+2', 'eft_old'), 'windows': 135, 'exact': True}
{'done': ('7eb58061_pipelined', 256, 'B1', 'nominal'), 'windows': 135, 'exact': True}
{'done': ('7eb58061_pipelined', 256, 'B1', 'ours'), 'windows': 135, 'exact': True}
{'done': ('7eb58061_pipelined', 256, 'B2', 'nominal'), 'windows': 135, 'exact': True}
{'done': ('7eb58061_pipelined', 256, 'B2', 'ours'), 'windows': 135, 'exact': True}
{'done': ('7eb58061_pipelined', 256, 'best_hetero', 'nominal'), 'windows': 135, 'exact': True}
{'done': ('7eb58061_pipelined', 256, 'best_hetero', 'ours'), 'windows': 135, 'exact': True}
{'done': ('7eb58061_port_tight', 256, 'B1', 'nominal'), 'windows': 135, 'exact': True}
{'done': ('7eb58061_port_tight', 256, 'B1', 'ours'), 'windows': 135, 'exact': True}
{'done': ('7eb58061_port_tight', 256, 'B2', 'nominal'), 'windows': 135, 'exact': True}
{'done': ('7eb58061_port_tight', 256, 'B2', 'ours'), 'windows': 135, 'exact': True}
{'done': ('7eb58061_port_tight', 256, 'best_hetero', 'nominal'), 'windows': 135, 'exact': True}
{'done': ('7eb58061_port_tight', 256, 'best_hetero', 'ours'), 'windows': 135, 'exact': True}
{'done': ('7eb58061_pipelined', 520, 'B1', 'nominal'), 'windows': 135, 'exact': True}
{'done': ('7eb58061_pipelined', 520, 'B1', 'ours'), 'windows': 135, 'exact': True}
{'done': ('7eb58061_pipelined', 520, 'B2', 'nominal'), 'windows': 135, 'exact': True}
{'done': ('7eb58061_pipelined', 520, 'B2', 'ours'), 'windows': 135, 'exact': True}
{'done': ('7eb58061_pipelined', 520, 'best_hetero', 'nominal'), 'windows': 135, 'exact': True}
{'done': ('7eb58061_pipelined', 520, 'best_hetero', 'ours'), 'windows': 135, 'exact': True}
{'done': ('7eb58061_port_tight', 520, 'B1', 'nominal'), 'windows': 135, 'exact': True}
{'done': ('7eb58061_port_tight', 520, 'B1', 'ours'), 'windows': 135, 'exact': True}
{'done': ('7eb58061_port_tight', 520, 'B2', 'nominal'), 'windows': 135, 'exact': True}
{'done': ('7eb58061_port_tight', 520, 'B2', 'ours'), 'windows': 135, 'exact': True}
{'done': ('7eb58061_port_tight', 520, 'best_hetero', 'nominal'), 'windows': 135, 'exact': True}
{'done': ('7eb58061_port_tight', 520, 'best_hetero', 'ours'), 'windows': 135, 'exact': True}
{'rows': 5670, 'nonzero': 0}
