{'E4_cross_bw': ('126 下选出', 'pipelined', 'B1', 256), 'GM_ms': 3.7957875209783682}
{'E4_cross_bw': ('126 下选出', 'pipelined', 'B2', 256), 'GM_ms': 3.900270968268241}
{'E4_cross_bw': ('126 下选出', 'pipelined', 'best_hetero', 256), 'GM_ms': 3.7890511119833965}
{'E4_cross_bw': ('256 下重新搜索', 'pipelined', 'B1', 256), 'GM_ms': 3.78426514502382}
{'E4_cross_bw': ('256 下重新搜索', 'pipelined', 'B2', 256), 'GM_ms': 3.8128534106864955}
{'E4_cross_bw': ('256 下重新搜索', 'pipelined', 'H51', 256), 'GM_ms': 3.971132596016786}
{'E4_cross_bw': ('256 下重新搜索', 'pipelined', 'H42', 256), 'GM_ms': 3.814696014569092}
{'E4_cross_bw': ('256 下重新搜索', 'pipelined', 'H33', 256), 'GM_ms': 3.8249929974649}
{'E4_cross_bw': ('126 下选出', 'pipelined', 'B1', 520), 'GM_ms': 1.8976220008066045}
{'E4_cross_bw': ('126 下选出', 'pipelined', 'B2', 520), 'GM_ms': 2.149807818078526}
{'E4_cross_bw': ('126 下选出', 'pipelined', 'best_hetero', 520), 'GM_ms': 1.951042424995853}
{'E4_cross_bw': ('256 下重新搜索', 'pipelined', 'B1', 520), 'GM_ms': 1.878524357562765}
{'E4_cross_bw': ('256 下重新搜索', 'pipelined', 'B2', 520), 'GM_ms': 1.9091352707655385}
{'E4_cross_bw': ('256 下重新搜索', 'pipelined', 'H51', 520), 'GM_ms': 2.13330739618045}
{'E4_cross_bw': ('256 下重新搜索', 'pipelined', 'H42', 520), 'GM_ms': 1.9332376559765843}
{'E4_cross_bw': ('256 下重新搜索', 'pipelined', 'H33', 520), 'GM_ms': 2.059313471954266}
{'E4_cross_bw': ('126 下选出', 'port_tight', 'B1', 256), 'GM_ms': 10.611953423289957}
{'E4_cross_bw': ('126 下选出', 'port_tight', 'B2', 256), 'GM_ms': 10.895895396977613}
{'E4_cross_bw': ('126 下选出', 'port_tight', 'best_hetero', 256), 'GM_ms': 10.919826363876755}
{'E4_cross_bw': ('256 下重新搜索', 'port_tight', 'B1', 256), 'GM_ms': 10.611811592115982}
{'E4_cross_bw': ('256 下重新搜索', 'port_tight', 'B2', 256), 'GM_ms': 10.895765199571338}
{'E4_cross_bw': ('256 下重新搜索', 'port_tight', 'H51', 256), 'GM_ms': 11.0261110982731}
{'E4_cross_bw': ('256 下重新搜索', 'port_tight', 'H42', 256), 'GM_ms': 10.919826363876755}
{'E4_cross_bw': ('256 下重新搜索', 'port_tight', 'H33', 256), 'GM_ms': 10.898055728508288}
{'E4_cross_bw': ('126 下选出', 'port_tight', 'B1', 520), 'GM_ms': 10.612198055195694}
{'E4_cross_bw': ('126 下选出', 'port_tight', 'B2', 520), 'GM_ms': 10.89601508544936}
{'E4_cross_bw': ('126 下选出', 'port_tight', 'best_hetero', 520), 'GM_ms': 10.91426073761391}
{'E4_cross_bw': ('256 下重新搜索', 'port_tight', 'B1', 520), 'GM_ms': 10.612114261217762}
{'E4_cross_bw': ('256 下重新搜索', 'port_tight', 'B2', 520), 'GM_ms': 10.895883546105402}
{'E4_cross_bw': ('256 下重新搜索', 'port_tight', 'H51', 520), 'GM_ms': 11.026119966537768}
{'E4_cross_bw': ('256 下重新搜索', 'port_tight', 'H42', 520), 'GM_ms': 10.91426073761391}
{'E4_cross_bw': ('256 下重新搜索', 'port_tight', 'H33', 520), 'GM_ms': 10.898173412679158}
