{'E5_predictor': ('pipelined', 'B1', 'nominal', 256, True), 'GM_ms': 3.7957875209783682}
{'E5_predictor': ('pipelined', 'B1', 'random', 256, True), 'GM_ms': 3.7958688847455666}
{'E5_predictor': ('pipelined', 'B1', 'static', 256, True), 'GM_ms': 3.7965890845855923}
{'E5_predictor': ('pipelined', 'B1', 'btb', 256, True), 'GM_ms': 3.795406958154928}
{'E5_predictor': ('pipelined', 'B1', 'ema', 256, True), 'GM_ms': 3.7951784579435994}
{'E5_predictor': ('pipelined', 'B1', 'ours', 256, True), 'GM_ms': 3.795094267210404}
{'E5_predictor': ('pipelined', 'B2', 'nominal', 256, True), 'GM_ms': 3.8137156573967967}
{'E5_predictor': ('pipelined', 'B2', 'random', 256, True), 'GM_ms': 3.812445853100743}
{'E5_predictor': ('pipelined', 'B2', 'static', 256, True), 'GM_ms': 3.817550213621249}
{'E5_predictor': ('pipelined', 'B2', 'btb', 256, True), 'GM_ms': 3.8122461743674787}
{'E5_predictor': ('pipelined', 'B2', 'ema', 256, True), 'GM_ms': 3.812346117552894}
{'E5_predictor': ('pipelined', 'B2', 'ours', 256, True), 'GM_ms': 3.813795544418547}
{'E5_predictor': ('pipelined', 'best_hetero', 'nominal', 256, True), 'GM_ms': 3.806194256350824}
{'E5_predictor': ('pipelined', 'best_hetero', 'random', 256, True), 'GM_ms': 4.044428224570142}
{'E5_predictor': ('pipelined', 'best_hetero', 'static', 256, True), 'GM_ms': 4.0252643531576435}
{'E5_predictor': ('pipelined', 'best_hetero', 'btb', 256, True), 'GM_ms': 3.854649125771013}
{'E5_predictor': ('pipelined', 'best_hetero', 'ema', 256, True), 'GM_ms': 3.835908288231276}
{'E5_predictor': ('pipelined', 'best_hetero', 'ours', 256, True), 'GM_ms': 3.8235850707198957}
{'E5_predictor': ('port_tight', 'B1', 'nominal', 256, True), 'GM_ms': 10.611953423289957}
{'E5_predictor': ('port_tight', 'B1', 'random', 256, True), 'GM_ms': 10.612513630413886}
{'E5_predictor': ('port_tight', 'B1', 'static', 256, True), 'GM_ms': 10.613240206021699}
{'E5_predictor': ('port_tight', 'B1', 'btb', 256, True), 'GM_ms': 10.612100615375786}
{'E5_predictor': ('port_tight', 'B1', 'ema', 256, True), 'GM_ms': 10.611805960931664}
{'E5_predictor': ('port_tight', 'B1', 'ours', 256, True), 'GM_ms': 10.611738249843198}
{'E5_predictor': ('port_tight', 'B2', 'nominal', 256, True), 'GM_ms': 10.89608710214452}
{'E5_predictor': ('port_tight', 'B2', 'random', 256, True), 'GM_ms': 10.90271323655062}
{'E5_predictor': ('port_tight', 'B2', 'static', 256, True), 'GM_ms': 10.92763344454696}
{'E5_predictor': ('port_tight', 'B2', 'btb', 256, True), 'GM_ms': 10.896093424564977}
{'E5_predictor': ('port_tight', 'B2', 'ema', 256, True), 'GM_ms': 10.895963330346415}
{'E5_predictor': ('port_tight', 'B2', 'ours', 256, True), 'GM_ms': 10.895904377402521}
{'E5_predictor': ('port_tight', 'best_hetero', 'nominal', 256, True), 'GM_ms': 10.882540885938557}
{'E5_predictor': ('port_tight', 'best_hetero', 'random', 256, True), 'GM_ms': 11.483596214363518}
{'E5_predictor': ('port_tight', 'best_hetero', 'static', 256, True), 'GM_ms': 11.879708632831985}
{'E5_predictor': ('port_tight', 'best_hetero', 'btb', 256, True), 'GM_ms': 11.050776799613205}
{'E5_predictor': ('port_tight', 'best_hetero', 'ema', 256, True), 'GM_ms': 11.056331147693754}
{'E5_predictor': ('port_tight', 'best_hetero', 'ours', 256, True), 'GM_ms': 10.917479818173142}
