{'E5_predictor': ('pipelined', 'B1', 'nominal', 520, False), 'GM_ms': 1.878524357562765}
{'E5_predictor': ('pipelined', 'B1', 'random', 520, False), 'GM_ms': 2.1971465829248165}
{'E5_predictor': ('pipelined', 'B1', 'static', 520, False), 'GM_ms': 1.9259324625656569}
{'E5_predictor': ('pipelined', 'B1', 'btb', 520, False), 'GM_ms': 1.8795322754021684}
{'E5_predictor': ('pipelined', 'B1', 'ema', 520, False), 'GM_ms': 1.878575746284719}
{'E5_predictor': ('pipelined', 'B1', 'ours', 520, False), 'GM_ms': 1.8787219275227753}
{'E5_predictor': ('pipelined', 'B2', 'nominal', 520, False), 'GM_ms': 1.9107487127658855}
{'E5_predictor': ('pipelined', 'B2', 'random', 520, False), 'GM_ms': 1.9132758196773254}
{'E5_predictor': ('pipelined', 'B2', 'static', 520, False), 'GM_ms': 1.9079398968104346}
{'E5_predictor': ('pipelined', 'B2', 'btb', 520, False), 'GM_ms': 1.9007713810116034}
{'E5_predictor': ('pipelined', 'B2', 'ema', 520, False), 'GM_ms': 1.9020816192522771}
{'E5_predictor': ('pipelined', 'B2', 'ours', 520, False), 'GM_ms': 1.9091352707655387}
{'E5_predictor': ('pipelined', 'H51', 'nominal', 520, False), 'GM_ms': 2.1141082007501177}
{'E5_predictor': ('pipelined', 'H51', 'random', 520, False), 'GM_ms': 2.5761747753604416}
{'E5_predictor': ('pipelined', 'H51', 'static', 520, False), 'GM_ms': 2.2684013800156273}
{'E5_predictor': ('pipelined', 'H51', 'btb', 520, False), 'GM_ms': 2.1483445985540626}
{'E5_predictor': ('pipelined', 'H51', 'ema', 520, False), 'GM_ms': 2.1102989997503614}
{'E5_predictor': ('pipelined', 'H51', 'ours', 520, False), 'GM_ms': 2.1333073961804496}
{'E5_predictor': ('port_tight', 'B1', 'nominal', 520, False), 'GM_ms': 10.612114261217767}
{'E5_predictor': ('port_tight', 'B1', 'random', 520, False), 'GM_ms': 10.612476933671484}
{'E5_predictor': ('port_tight', 'B1', 'static', 520, False), 'GM_ms': 10.613254797508674}
{'E5_predictor': ('port_tight', 'B1', 'btb', 520, False), 'GM_ms': 10.612132590899849}
{'E5_predictor': ('port_tight', 'B1', 'ema', 520, False), 'GM_ms': 10.611720858025986}
{'E5_predictor': ('port_tight', 'B1', 'ours', 520, False), 'GM_ms': 10.611667050015237}
{'E5_predictor': ('port_tight', 'B2', 'nominal', 520, False), 'GM_ms': 10.896058383584627}
{'E5_predictor': ('port_tight', 'B2', 'random', 520, False), 'GM_ms': 10.898443411982367}
{'E5_predictor': ('port_tight', 'B2', 'static', 520, False), 'GM_ms': 10.90968070457928}
{'E5_predictor': ('port_tight', 'B2', 'btb', 520, False), 'GM_ms': 10.896025376567689}
{'E5_predictor': ('port_tight', 'B2', 'ema', 520, False), 'GM_ms': 10.895825279244526}
{'E5_predictor': ('port_tight', 'B2', 'ours', 520, False), 'GM_ms': 10.895883546105402}
{'E5_predictor': ('port_tight', 'H42', 'nominal', 520, False), 'GM_ms': 10.880206025631951}
{'E5_predictor': ('port_tight', 'H42', 'random', 520, False), 'GM_ms': 11.276517534450063}
{'E5_predictor': ('port_tight', 'H42', 'static', 520, False), 'GM_ms': 11.148521541782246}
{'E5_predictor': ('port_tight', 'H42', 'btb', 520, False), 'GM_ms': 11.041383257499648}
{'E5_predictor': ('port_tight', 'H42', 'ema', 520, False), 'GM_ms': 11.052160545853598}
{'E5_predictor': ('port_tight', 'H42', 'ours', 520, False), 'GM_ms': 10.91426073761393}
