{'done': ('pipelined', 'B1', 'none'), 'windows': 135, 'tasks': 4214, 'geomean_ms': 3.795787520978372}
{'done': ('pipelined', 'B1', 'random'), 'windows': 135, 'tasks': 4214, 'geomean_ms': 3.7958688847455657}
{'done': ('pipelined', 'B1', 'static'), 'windows': 135, 'tasks': 4214, 'geomean_ms': 3.7965890845855914}
{'done': ('pipelined', 'B1', 'btb'), 'windows': 135, 'tasks': 4214, 'geomean_ms': 3.7954069581549303}
{'done': ('pipelined', 'B1', 'ema'), 'windows': 135, 'tasks': 4214, 'geomean_ms': 3.7951784579435994}
{'done': ('pipelined', 'B1', 'ours'), 'windows': 135, 'tasks': 4214, 'geomean_ms': 3.795094267210405}
{'done': ('pipelined', 'B2', 'none'), 'windows': 135, 'tasks': 4214, 'geomean_ms': 3.8137156573967976}
{'done': ('pipelined', 'B2', 'random'), 'windows': 135, 'tasks': 4214, 'geomean_ms': 3.8124458531007437}
{'done': ('pipelined', 'B2', 'static'), 'windows': 135, 'tasks': 4214, 'geomean_ms': 3.81755021362125}
{'done': ('pipelined', 'B2', 'btb'), 'windows': 135, 'tasks': 4214, 'geomean_ms': 3.812246174367478}
{'done': ('pipelined', 'B2', 'ema'), 'windows': 135, 'tasks': 4214, 'geomean_ms': 3.8123461175528965}
{'done': ('pipelined', 'B2', 'ours'), 'windows': 135, 'tasks': 4214, 'geomean_ms': 3.8137955444185443}
{'done': ('pipelined', 'best_hetero', 'none'), 'windows': 135, 'tasks': 4214, 'geomean_ms': 3.8061942563508224}
{'done': ('pipelined', 'best_hetero', 'random'), 'windows': 135, 'tasks': 4214, 'geomean_ms': 4.04442822457014}
{'done': ('pipelined', 'best_hetero', 'static'), 'windows': 135, 'tasks': 4214, 'geomean_ms': 4.025264353157643}
{'done': ('pipelined', 'best_hetero', 'btb'), 'windows': 135, 'tasks': 4214, 'geomean_ms': 3.854649125771014}
{'done': ('pipelined', 'best_hetero', 'ema'), 'windows': 135, 'tasks': 4214, 'geomean_ms': 3.835908288231276}
{'done': ('pipelined', 'best_hetero', 'ours'), 'windows': 135, 'tasks': 4214, 'geomean_ms': 3.8235850707198935}
{'done': ('port_tight', 'B1', 'none'), 'windows': 135, 'tasks': 4214, 'geomean_ms': 10.611953423289952}
{'done': ('port_tight', 'B1', 'random'), 'windows': 135, 'tasks': 4214, 'geomean_ms': 10.612513630413892}
{'done': ('port_tight', 'B1', 'static'), 'windows': 135, 'tasks': 4214, 'geomean_ms': 10.613240206021713}
{'done': ('port_tight', 'B1', 'btb'), 'windows': 135, 'tasks': 4214, 'geomean_ms': 10.612100615375777}
{'done': ('port_tight', 'B1', 'ema'), 'windows': 135, 'tasks': 4214, 'geomean_ms': 10.611805960931658}
{'done': ('port_tight', 'B1', 'ours'), 'windows': 135, 'tasks': 4214, 'geomean_ms': 10.611738249843206}
{'done': ('port_tight', 'B2', 'none'), 'windows': 135, 'tasks': 4214, 'geomean_ms': 10.89608710214452}
{'done': ('port_tight', 'B2', 'random'), 'windows': 135, 'tasks': 4214, 'geomean_ms': 10.902713236550628}
{'done': ('port_tight', 'B2', 'static'), 'windows': 135, 'tasks': 4214, 'geomean_ms': 10.927633444546945}
{'done': ('port_tight', 'B2', 'btb'), 'windows': 135, 'tasks': 4214, 'geomean_ms': 10.896093424564992}
{'done': ('port_tight', 'B2', 'ema'), 'windows': 135, 'tasks': 4214, 'geomean_ms': 10.89596333034643}
{'done': ('port_tight', 'B2', 'ours'), 'windows': 135, 'tasks': 4214, 'geomean_ms': 10.895904377402521}
{'done': ('port_tight', 'best_hetero', 'none'), 'windows': 135, 'tasks': 4214, 'geomean_ms': 10.882540885938543}
{'done': ('port_tight', 'best_hetero', 'random'), 'windows': 135, 'tasks': 4214, 'geomean_ms': 11.483596214363512}
{'done': ('port_tight', 'best_hetero', 'static'), 'windows': 135, 'tasks': 4214, 'geomean_ms': 11.879708632831969}
{'done': ('port_tight', 'best_hetero', 'btb'), 'windows': 135, 'tasks': 4214, 'geomean_ms': 11.050776799613205}
{'done': ('port_tight', 'best_hetero', 'ema'), 'windows': 135, 'tasks': 4214, 'geomean_ms': 11.05633114769376}
{'done': ('port_tight', 'best_hetero', 'ours'), 'windows': 135, 'tasks': 4214, 'geomean_ms': 10.917479818173122}
{'completed': 36, 'window_rows': 4860, 'task_rows': 151704, 'elapsed_seconds': 118.6965081654489}
