CMA 8 / 500
CMA 16 / 500
CMA 24 / 500
CMA 32 / 500
CMA 40 / 500
CMA 48 / 500
CMA 56 / 500
CMA 64 / 500
CMA 72 / 500
CMA 80 / 500
CMA 88 / 500
CMA 96 / 500
CMA 104 / 500
CMA 112 / 500
CMA 120 / 500
CMA 128 / 500
CMA 136 / 500
CMA 144 / 500
CMA 152 / 500
CMA 160 / 500
CMA 168 / 500
CMA 176 / 500
CMA 184 / 500
CMA 192 / 500
CMA 200 / 500
CMA 208 / 500
CMA 216 / 500
CMA 224 / 500
CMA 232 / 500
CMA 240 / 500
CMA 248 / 500
CMA 256 / 500
CMA 264 / 500
CMA 272 / 500
CMA 280 / 500
CMA 288 / 500
CMA 296 / 500
CMA 304 / 500
CMA 312 / 500
CMA 320 / 500
CMA 328 / 500
CMA 336 / 500
CMA 344 / 500
CMA 352 / 500
CMA 360 / 500
CMA 368 / 500
CMA 376 / 500
CMA 384 / 500
CMA 392 / 500
CMA 400 / 500
CMA 408 / 500
CMA 416 / 500
CMA 424 / 500
CMA 432 / 500
CMA 440 / 500
CMA 448 / 500
CMA 456 / 500
CMA 464 / 500
CMA 472 / 500
CMA 480 / 500
CMA 488 / 500
CMA 496 / 500
CMA 500 / 500
