seed pipelined 32 / 636
seed pipelined 64 / 636
seed pipelined 96 / 636
seed pipelined 128 / 636
seed pipelined 160 / 636
seed pipelined 192 / 636
seed pipelined 224 / 636
seed pipelined 256 / 636
seed pipelined 288 / 636
seed pipelined 320 / 636
seed pipelined 352 / 636
seed pipelined 384 / 636
seed pipelined 416 / 636
seed pipelined 448 / 636
seed pipelined 480 / 636
seed pipelined 512 / 636
seed pipelined 544 / 636
seed pipelined 576 / 636
seed pipelined 608 / 636
seed pipelined 636 / 636
search mode frozen pipelined
seed port_tight 32 / 636
seed port_tight 64 / 636
seed port_tight 96 / 636
seed port_tight 128 / 636
seed port_tight 160 / 636
seed port_tight 192 / 636
seed port_tight 224 / 636
seed port_tight 256 / 636
seed port_tight 288 / 636
seed port_tight 320 / 636
seed port_tight 352 / 636
seed port_tight 384 / 636
seed port_tight 416 / 636
seed port_tight 448 / 636
seed port_tight 480 / 636
seed port_tight 512 / 636
seed port_tight 544 / 636
seed port_tight 576 / 636
seed port_tight 608 / 636
seed port_tight 636 / 636
search mode frozen port_tight
seed fixed_issue 32 / 636
seed fixed_issue 64 / 636
seed fixed_issue 96 / 636
seed fixed_issue 128 / 636
seed fixed_issue 160 / 636
seed fixed_issue 192 / 636
seed fixed_issue 224 / 636
seed fixed_issue 256 / 636
seed fixed_issue 288 / 636
seed fixed_issue 320 / 636
seed fixed_issue 352 / 636
seed fixed_issue 384 / 636
seed fixed_issue 416 / 636
seed fixed_issue 448 / 636
seed fixed_issue 480 / 636
seed fixed_issue 512 / 636
seed fixed_issue 544 / 636
seed fixed_issue 576 / 636
seed fixed_issue 608 / 636
seed fixed_issue 636 / 636
search mode frozen fixed_issue
