E4 pipelined B0 milp
E4 pipelined B0 runtime
E4 pipelined B1 milp
E4 pipelined B1 runtime
E4 pipelined B2 milp
E4 pipelined B2 runtime
E4 pipelined fixed_3+3 milp
E4 pipelined fixed_3+3 runtime
E4 pipelined fixed_4+2 milp
E4 pipelined fixed_4+2 runtime
E4 pipelined best_hetero milp
E4 pipelined best_hetero runtime
E4 pipelined best_5+1 milp
E4 pipelined best_5+1 runtime
E4 pipelined best_4+2 milp
E4 pipelined best_4+2 runtime
E4 pipelined best_2+4 milp
E4 pipelined best_2+4 runtime
E4 pipelined U1 milp
E4 pipelined U1 runtime
E4 pipelined U2 milp
E4 pipelined U2 runtime
E4 port_tight B0 milp
E4 port_tight B0 runtime
E4 port_tight B1 milp
E4 port_tight B1 runtime
E4 port_tight B2 milp
E4 port_tight B2 runtime
E4 port_tight fixed_3+3 milp
E4 port_tight fixed_3+3 runtime
E4 port_tight fixed_4+2 milp
E4 port_tight fixed_4+2 runtime
E4 port_tight best_hetero milp
E4 port_tight best_hetero runtime
E4 port_tight best_5+1 milp
E4 port_tight best_5+1 runtime
E4 port_tight best_4+2 milp
E4 port_tight best_4+2 runtime
E4 port_tight best_2+4 milp
E4 port_tight best_2+4 runtime
E4 port_tight U1 milp
E4 port_tight U1 runtime
E4 port_tight U2 milp
E4 port_tight U2 runtime
E4 fixed_issue B0 milp
E4 fixed_issue B0 runtime
E4 fixed_issue B1 milp
E4 fixed_issue B1 runtime
E4 fixed_issue B2 milp
E4 fixed_issue B2 runtime
E4 fixed_issue fixed_3+3 milp
E4 fixed_issue fixed_3+3 runtime
E4 fixed_issue fixed_4+2 milp
E4 fixed_issue fixed_4+2 runtime
E4 fixed_issue best_hetero milp
E4 fixed_issue best_hetero runtime
E4 fixed_issue best_5+1 milp
E4 fixed_issue best_5+1 runtime
E4 fixed_issue best_4+2 milp
E4 fixed_issue best_4+2 runtime
E4 fixed_issue best_2+4 milp
E4 fixed_issue best_2+4 runtime
E4 fixed_issue U1 milp
E4 fixed_issue U1 runtime
E4 fixed_issue U2 milp
E4 fixed_issue U2 runtime
