E5 pipelined best_hetero random
E5 pipelined best_hetero static
E5 pipelined best_hetero btb
E5 pipelined best_hetero ema
E5 pipelined best_hetero ours
E5 pipelined best_hetero oracle_profile_guided
E5 pipelined best_hetero oracle
E5 pipelined fixed_4+2 random
E5 pipelined fixed_4+2 static
E5 pipelined fixed_4+2 btb
E5 pipelined fixed_4+2 ema
E5 pipelined fixed_4+2 ours
E5 pipelined fixed_4+2 oracle_profile_guided
E5 pipelined fixed_4+2 oracle
E5 port_tight best_hetero random
E5 port_tight best_hetero static
E5 port_tight best_hetero btb
E5 port_tight best_hetero ema
E5 port_tight best_hetero ours
E5 port_tight best_hetero oracle_profile_guided
E5 port_tight best_hetero oracle
E5 port_tight fixed_4+2 random
E5 port_tight fixed_4+2 static
E5 port_tight fixed_4+2 btb
E5 port_tight fixed_4+2 ema
E5 port_tight fixed_4+2 ours
E5 port_tight fixed_4+2 oracle_profile_guided
E5 port_tight fixed_4+2 oracle
E5 fixed_issue best_hetero random
E5 fixed_issue best_hetero static
E5 fixed_issue best_hetero btb
E5 fixed_issue best_hetero ema
E5 fixed_issue best_hetero ours
E5 fixed_issue best_hetero oracle_profile_guided
E5 fixed_issue best_hetero oracle
E5 fixed_issue fixed_4+2 random
E5 fixed_issue fixed_4+2 static
E5 fixed_issue fixed_4+2 btb
E5 fixed_issue fixed_4+2 ema
E5 fixed_issue fixed_4+2 ours
E5 fixed_issue fixed_4+2 oracle_profile_guided
E5 fixed_issue fixed_4+2 oracle
