---
source: lib/sram/src/vector.rs
expression: v.as_bytes().await
---
[
    120,
    120,
    248,
    120,
    0,
    0,
    0,
    0,
    0,
    0,
    0,
    0,
    0,
    0,
    0,
    0,
    0,
    0,
    0,
    0,
    0,
    0,
    0,
    0,
    0,
    0,
    0,
    0,
    0,
    0,
    0,
    0,
]
