INITIAL LOG OPEN FAILURE: tee could not open absent logs directory; directory created; capture restored from tool stdout. Python failed with assertion; no frozen selection produced.
seed pipelined 0 / 636
seed pipelined 32 / 636
seed pipelined 64 / 636
seed pipelined 96 / 636
seed pipelined 128 / 636
concurrent.futures.process._RemoteTraceback: 
"""
Traceback (most recent call last):
  File "/usr/lib64/python3.11/concurrent/futures/process.py", line 261, in _process_worker
    r = call_item.fn(*call_item.args, **call_item.kwargs)
        ^^^^^^^^^^^^^^^^^^^^^^^^^^^^^^^^^^^^^^^^^^^^^^^^^
  File "/usr/lib64/python3.11/concurrent/futures/process.py", line 210, in _process_chunk
    return [fn(*args) for args in chunk]
           ^^^^^^^^^^^^^^^^^^^^^^^^^^^^^
  File "/usr/lib64/python3.11/concurrent/futures/process.py", line 210, in <listcomp>
    return [fn(*args) for args in chunk]
            ^^^^^^^^^
  File "/scratch/shared/mcl123/plena/worktrees/moe-supply-first-v3-simulator/research/moe_dispatch/round2/main_search.py", line 18, in _point
    assert canonical(first)==canonical(second),'allocation/replay repeat mismatch'
           ^^^^^^^^^^^^^^^^^^^^^^^^^^^^^^^^^^^
AssertionError: allocation/replay repeat mismatch
"""

The above exception was the direct cause of the following exception:

Traceback (most recent call last):
  File "<frozen runpy>", line 198, in _run_module_as_main
  File "<frozen runpy>", line 88, in _run_code
  File "/scratch/shared/mcl123/plena/worktrees/moe-supply-first-v3-simulator/research/moe_dispatch/round2/main_search.py", line 191, in <module>
    if __name__=='__main__':main()
                            ^^^^^^
  File "/scratch/shared/mcl123/plena/worktrees/moe-supply-first-v3-simulator/research/moe_dispatch/round2/main_search.py", line 190, in main
    args=ap.parse_args();{'search':main_search,'validity':validity,'gaps':schedule_gaps}[args.stage](args)
                         ^^^^^^^^^^^^^^^^^^^^^^^^^^^^^^^^^^^^^^^^^^^^^^^^^^^^^^^^^^^^^^^^^^^^^^^^^^^^^^^^^
  File "/scratch/shared/mcl123/plena/worktrees/moe-supply-first-v3-simulator/research/moe_dispatch/round2/main_search.py", line 119, in main_search
    points=seed_candidates(dev,p,args.jobs)
           ^^^^^^^^^^^^^^^^^^^^^^^^^^^^^^^^
  File "/scratch/shared/mcl123/plena/worktrees/moe-supply-first-v3-simulator/research/moe_dispatch/round2/main_search.py", line 105, in seed_candidates
    for i,row in enumerate(pool.map(_point,[(d,dev,p) for d in dedup.values()],chunksize=1)):
  File "/usr/lib64/python3.11/concurrent/futures/process.py", line 620, in _chain_from_iterable_of_lists
    for element in iterable:
  File "/usr/lib64/python3.11/concurrent/futures/_base.py", line 619, in result_iterator
    yield _result_or_cancel(fs.pop())
          ^^^^^^^^^^^^^^^^^^^^^^^^^^^
  File "/usr/lib64/python3.11/concurrent/futures/_base.py", line 317, in _result_or_cancel
    return fut.result(timeout)
           ^^^^^^^^^^^^^^^^^^^
  File "/usr/lib64/python3.11/concurrent/futures/_base.py", line 456, in result
    return self.__get_result()
           ^^^^^^^^^^^^^^^^^^^
  File "/usr/lib64/python3.11/concurrent/futures/_base.py", line 401, in __get_result
    raise self._exception
AssertionError: allocation/replay repeat mismatch
