---
source: lib/quantize/src/tensor.rs
expression: vals
---
[
    (
        0.25,
        40,
    ),
    (
        0.5,
        48,
    ),
    (
        0.75,
        52,
    ),
    (
        1.0,
        56,
    ),
    (
        1.5,
        60,
    ),
    (
        2.0,
        64,
    ),
    (
        3.5,
        70,
    ),
    (
        -2.5,
        194,
    ),
]
