---
source: lib/quantize/src/dtype.rs
expression: encoded
---
[
    (
        0.0,
        0,
        0,
    ),
    (
        0.5,
        120,
        31744,
    ),
    (
        1.0,
        120,
        31744,
    ),
    (
        1.875,
        127,
        32640,
    ),
    (
        -1.0,
        248,
        64512,
    ),
    (
        2.0,
        120,
        31744,
    ),
    (
        100.0,
        124,
        32320,
    ),
]
